Do we store it manually here?
Mark's Ubuntu

[INFO] ------------------------------------------------------------------------
[INFO] Reactor Summary:
[INFO]
[INFO] freeeed-parent ..................................... SUCCESS [  0.314 s]
[INFO] freeeed-processing ................................. SUCCESS [  3.254 s]
[INFO] freeeed-ui ......................................... SUCCESS [ 11.411 s]
[INFO] freeeed-test ....................................... SUCCESS [01:42 min]
[INFO] ------------------------------------------------------------------------
[INFO] BUILD SUCCESS
[INFO] ------------------------------------------------------------------------
[INFO] Total time: 01:57 min
[INFO] Finished at: 2018-02-21T09:54:25-06:00
[INFO] Final Memory: 431M/1988M
[INFO] ------------------------------------------------------------------------

Mark's Mac

[INFO] ------------------------------------------------------------------------
[INFO] Reactor Summary:
[INFO]
[INFO] freeeed-parent ..................................... SUCCESS [  0.470 s]
[INFO] freeeed-processing ................................. SUCCESS [  4.563 s]
[INFO] freeeed-ui ......................................... SUCCESS [ 14.475 s]
[INFO] freeeed-test ....................................... SUCCESS [01:55 min]
[INFO] ------------------------------------------------------------------------
[INFO] BUILD SUCCESS
[INFO] ------------------------------------------------------------------------
[INFO] Total time: 02:15 min
[INFO] Finished at: 2018-02-21T09:57:29-06:00
[INFO] Final Memory: 63M/1528M
[INFO] ------------------------------------------------------------------------
